error: expected one of `crate`, `dyn`, or `{`, found `crte`
  --> $DIR/extern-crate-unexpected-token.rs:1:8
   |
LL | extern crte foo;
   |        ^^^^ expected one of `crate`, `dyn`, or `{`
   |
help: there is a keyword `crate` with a similar name
   |
LL | extern crate foo;
   |        ~~~~~

error: aborting due to 1 previous error

