error: lang items are not allowed in stable dylibs
  --> $DIR/lang-item.rs:5:1
   |
LL | #[lang = "sized"]
   | ^^^^^^^^^^^^^^^^^

error: aborting due to 1 previous error

