error: dstats. stmts: OneWithoutTail, args_match: Same, ret_match: Different, self_arg: Value, same_name: false, has_expr_after: true.
  --> $DIR/has_expr_after.rs:15:9
   |
LL | /     fn foo(&self) {
LL | |         self.0.foo().clone() as i32;
   | |         ^^^^^^^^^^^^^^^^^^^^ callee
LL | |
LL | |
LL | |     }
   | |_____- caller
   |
note: the lint level is defined here
  --> $DIR/has_expr_after.rs:2:9
   |
LL | #![deny(delegation_pattern)]
   |         ^^^^^^^^^^^^^^^^^^

error: dstats. stmts: OneWithoutTail, args_match: Same, ret_match: Different, self_arg: Value, same_name: true, has_expr_after: true.
  --> $DIR/has_expr_after.rs:15:9
   |
LL | /     fn foo(&self) {
LL | |         self.0.foo().clone() as i32;
   | |         ^^^^^^^^^^^^ callee
LL | |
LL | |
LL | |     }
   | |_____- caller

error: dstats. stmts: ZeroWithTail, args_match: Different, ret_match: Same, self_arg: Type, same_name: false, has_expr_after: false.
  --> $DIR/has_expr_after.rs:21:9
   |
LL | /     fn bar(&self) -> Self {
LL | |         Self(self.0.bar())
   | |         ^^^^^^^^^^^^^^^^^^ callee
LL | |
LL | |
LL | |     }
   | |_____- caller

error: dstats. stmts: ZeroWithTail, args_match: Same, ret_match: SameUpToSelfType, self_arg: Value, same_name: true, has_expr_after: true.
  --> $DIR/has_expr_after.rs:21:14
   |
LL | /     fn bar(&self) -> Self {
LL | |         Self(self.0.bar())
   | |              ^^^^^^^^^^^^ callee
LL | |
LL | |
LL | |     }
   | |_____- caller

warning: delegation methods stats. methods_count: 0, 1.
   |
   = note: `#[warn(delegated_methods)]` on by default

warning: delegation methods stats. methods_count: 2, 1.

error: aborting due to 4 previous errors; 2 warnings emitted

