error: dstats. stmts: OneWithoutTail, args_match: Same, ret_match: Same, self_arg: Value, same_name: true, has_expr_after: false.
  --> $DIR/methods_stats.rs:18:22
   |
LL |     fn foo1(&self) { self.field.foo1();}
   |     -----------------^^^^^^^^^^^^^^^^^--
   |     |                |
   |     |                callee
   |     caller
   |
note: the lint level is defined here
  --> $DIR/methods_stats.rs:1:9
   |
LL | #![deny(delegation_pattern)]
   |         ^^^^^^^^^^^^^^^^^^

error: dstats. stmts: OneWithoutTail, args_match: Same, ret_match: Same, self_arg: Value, same_name: true, has_expr_after: false.
  --> $DIR/methods_stats.rs:26:21
   |
LL |     fn foo1(&self) {self.field.foo1();}
   |     ----------------^^^^^^^^^^^^^^^^^--
   |     |               |
   |     |               callee
   |     caller

error: dstats. stmts: OneWithoutTail, args_match: Same, ret_match: Same, self_arg: Value, same_name: true, has_expr_after: false.
  --> $DIR/methods_stats.rs:27:21
   |
LL |     fn foo2(&self) {self.field.foo2();}
   |     ----------------^^^^^^^^^^^^^^^^^--
   |     |               |
   |     |               callee
   |     caller

error: dstats. stmts: OneWithoutTail, args_match: Same, ret_match: Same, self_arg: Value, same_name: true, has_expr_after: false.
  --> $DIR/methods_stats.rs:35:21
   |
LL |     fn foo1(&self) {self.field.foo1();}
   |     ----------------^^^^^^^^^^^^^^^^^--
   |     |               |
   |     |               callee
   |     caller

error: dstats. stmts: OneWithoutTail, args_match: Same, ret_match: Same, self_arg: Value, same_name: true, has_expr_after: false.
  --> $DIR/methods_stats.rs:36:21
   |
LL |     fn foo2(&self) {self.field.foo2();}
   |     ----------------^^^^^^^^^^^^^^^^^--
   |     |               |
   |     |               callee
   |     caller

error: dstats. stmts: OneWithoutTail, args_match: Same, ret_match: Same, self_arg: Value, same_name: true, has_expr_after: false.
  --> $DIR/methods_stats.rs:37:21
   |
LL |     fn foo3(&self) {self.field.foo3();}
   |     ----------------^^^^^^^^^^^^^^^^^--
   |     |               |
   |     |               callee
   |     caller

error: dstats. stmts: OneWithoutTail, args_match: Same, ret_match: Same, self_arg: Value, same_name: true, has_expr_after: false.
  --> $DIR/methods_stats.rs:45:21
   |
LL |     fn foo1(&self) {self.field.foo1();}
   |     ----------------^^^^^^^^^^^^^^^^^--
   |     |               |
   |     |               callee
   |     caller

error: dstats. stmts: OneWithoutTail, args_match: Same, ret_match: Same, self_arg: Value, same_name: true, has_expr_after: false.
  --> $DIR/methods_stats.rs:46:21
   |
LL |     fn foo2(&self) {self.field.foo2();}
   |     ----------------^^^^^^^^^^^^^^^^^--
   |     |               |
   |     |               callee
   |     caller

error: dstats. stmts: OneWithoutTail, args_match: Same, ret_match: Same, self_arg: Value, same_name: true, has_expr_after: false.
  --> $DIR/methods_stats.rs:47:21
   |
LL |     fn foo3(&self) {self.field.foo3();}
   |     ----------------^^^^^^^^^^^^^^^^^--
   |     |               |
   |     |               callee
   |     caller

error: dstats. stmts: OneWithoutTail, args_match: Same, ret_match: Same, self_arg: Value, same_name: true, has_expr_after: false.
  --> $DIR/methods_stats.rs:48:21
   |
LL |     fn foo4(&self) {self.field.foo4();}
   |     ----------------^^^^^^^^^^^^^^^^^--
   |     |               |
   |     |               callee
   |     caller

warning: delegation methods stats. methods_count: 0, 1.
   |
   = note: `#[warn(delegated_methods)]` on by default

warning: delegation methods stats. methods_count: 2, 1.

warning: delegation methods stats. methods_count: 4, 1.

warning: delegation methods stats. methods_count: 1, 1.

warning: delegation methods stats. methods_count: 3, 1.

error: aborting due to 10 previous errors; 5 warnings emitted

