warning: dstats. stmts: ZeroWithTail, args_match: Same, ret_match: Same, self_arg: Type, same_name: true, has_expr_after: false.
  --> $DIR/self.rs:22:9
   |
LL | /     fn bar<T>(x: T) -> T {
LL | |         F::bar::<T>(x)
   | |         ^^^^^^^^^^^^^^ callee
LL | |
LL | |     }
   | |_____- caller
   |
note: the lint level is defined here
  --> $DIR/self.rs:4:9
   |
LL | #![warn(delegation_pattern)]
   |         ^^^^^^^^^^^^^^^^^^

warning: dstats. stmts: ZeroWithTail, args_match: Same, ret_match: Same, self_arg: Value, same_name: true, has_expr_after: false.
  --> $DIR/self.rs:27:9
   |
LL | /     fn foo<T>(self, x: T) -> T {
LL | |         self.field.foo::<T>(x)
   | |         ^^^^^^^^^^^^^^^^^^^^^^ callee
LL | |
LL | |     }
   | |_____- caller

warning: dstats. stmts: ZeroWithTail, args_match: Same, ret_match: Same, self_arg: Other, same_name: false, has_expr_after: false.
  --> $DIR/self.rs:33:5
   |
LL | / fn foo<T>(x: T) -> T {
LL | |     F::bar::<T>(x)
   | |     ^^^^^^^^^^^^^^ callee
LL | |
LL | | }
   | |_- caller

warning: dstats. stmts: OneWithoutTail, args_match: Same, ret_match: Different, self_arg: Value, same_name: false, has_expr_after: false.
  --> $DIR/self.rs:38:5
   |
LL | / fn bar(x: i32) {
LL | |     F::get_self().foo::<i32>(x);
   | |     ^^^^^^^^^^^^^^^^^^^^^^^^^^^ callee
LL | |
LL | |
LL | | }
   | |_- caller

warning: dstats. stmts: OneWithoutTail, args_match: Different, ret_match: Different, self_arg: Other, same_name: false, has_expr_after: true.
  --> $DIR/self.rs:38:5
   |
LL | / fn bar(x: i32) {
LL | |     F::get_self().foo::<i32>(x);
   | |     ^^^^^^^^^^^^^ callee
LL | |
LL | |
LL | | }
   | |_- caller

warning: dstats. stmts: ZeroWithTail, args_match: Same, ret_match: Same, self_arg: Type, same_name: true, has_expr_after: false.
  --> $DIR/self.rs:45:9
   |
LL | /     fn foo<T>(x: T) -> T {
LL | |         foo(x)
   | |         ^^^^^^ callee
LL | |
LL | |     }
   | |_____- caller

warning: delegation methods stats. methods_count: 0, 1.
   |
   = note: `#[warn(delegated_methods)]` on by default

warning: delegation methods stats. methods_count: 2, 1.

warning: 8 warnings emitted

